============================= test session starts ==============================
platform linux -- Python 3.13.2, pytest-9.0.0, pluggy-1.6.0 -- /home/ubuntu/repos/core-home-assistant-fork/.venv/bin/python3
cachedir: .pytest_cache
rootdir: /home/ubuntu/repos/core-home-assistant-fork
configfile: pyproject.toml
plugins: picked-0.5.1, requests-mock-1.12.1, unordered-0.7.0, asyncio-1.3.0, cov-7.0.0, timeout-2.4.0, aiohttp-1.1.0, socket-0.7.0, typeguard-4.4.4, sugar-1.0.0, anyio-4.10.0, xdist-3.8.0, syrupy-5.0.0, respx-0.22.0, pytest_freezer-0.4.9, github-actions-annotate-failures-0.3.0
asyncio: mode=Mode.AUTO, debug=True, asyncio_default_fixture_loop_scope=function, asyncio_default_test_loop_scope=function
timeout: 60.0s
timeout method: signal
timeout func_only: False
collecting ... collected 162 items

tests/test_core.py::test_split_entity_id PASSED                          [  0%]
tests/test_core.py::test_async_add_hass_job_schedule_callback PASSED     [  1%]
tests/test_core.py::test_async_add_hass_job_eager_start_coro_suspends PASSED [  1%]
tests/test_core.py::test_async_run_hass_job_eager_start_coro_suspends PASSED [  2%]
tests/test_core.py::test_async_add_hass_job_background PASSED            [  3%]
tests/test_core.py::test_async_run_hass_job_background PASSED            [  3%]
tests/test_core.py::test_async_add_hass_job_eager_background PASSED      [  4%]
tests/test_core.py::test_async_run_hass_job_eager_background PASSED      [  4%]
tests/test_core.py::test_async_run_hass_job_background_synchronous PASSED [  5%]
tests/test_core.py::test_async_run_hass_job_synchronous PASSED           [  6%]
tests/test_core.py::test_async_add_hass_job_coro_named PASSED            [  6%]
tests/test_core.py::test_async_add_hass_job_eager_start PASSED           [  7%]
tests/test_core.py::test_async_add_hass_job_schedule_partial_callback PASSED [  8%]
tests/test_core.py::test_async_add_hass_job_schedule_corofunction_eager_start PASSED [  8%]
tests/test_core.py::test_async_add_hass_job_schedule_partial_corofunction_eager_start PASSED [  9%]
tests/test_core.py::test_async_add_job_add_hass_threaded_job_to_pool PASSED [  9%]
tests/test_core.py::test_async_create_task_schedule_coroutine PASSED     [ 10%]
tests/test_core.py::test_async_create_task_eager_start_schedule_coroutine PASSED [ 11%]
tests/test_core.py::test_async_create_task_schedule_coroutine_with_name PASSED [ 11%]
tests/test_core.py::test_async_run_eager_hass_job_calls_callback PASSED  [ 12%]
tests/test_core.py::test_async_run_eager_hass_job_calls_coro_function PASSED [ 12%]
tests/test_core.py::test_async_run_hass_job_calls_callback PASSED        [ 13%]
tests/test_core.py::test_async_run_hass_job_delegates_non_async PASSED   [ 14%]
tests/test_core.py::test_async_get_hass_can_be_called PASSED             [ 14%]
tests/test_core.py::test_async_add_executor_job_background PASSED        [ 15%]
tests/test_core.py::test_async_add_executor_job PASSED                   [ 16%]
tests/test_core.py::test_stage_shutdown PASSED                           [ 16%]
tests/test_core.py::test_stage_shutdown_timeouts PASSED                  [ 17%]
tests/test_core.py::test_stage_shutdown_generic_error PASSED             [ 17%]
tests/test_core.py::test_stage_shutdown_with_exit_code PASSED            [ 18%]
tests/test_core.py::test_shutdown_calls_block_till_done_after_shutdown_run_callback_threadsafe PASSED [ 19%]
tests/test_core.py::test_pending_scheduler PASSED                        [ 19%]
tests/test_core.py::test_add_job_pending_tasks_coro PASSED               [ 20%]
tests/test_core.py::test_async_add_job_pending_tasks_coro PASSED         [ 20%]
tests/test_core.py::test_async_create_task_pending_tasks_coro PASSED     [ 21%]
tests/test_core.py::test_async_add_job_pending_tasks_executor PASSED     [ 22%]
tests/test_core.py::test_async_add_job_pending_tasks_callback PASSED     [ 22%]
tests/test_core.py::test_add_job_with_none PASSED                        [ 23%]
tests/test_core.py::test_event_eq PASSED                                 [ 24%]
tests/test_core.py::test_event_time PASSED                               [ 24%]
tests/test_core.py::test_event_json_fragment PASSED                      [ 25%]
tests/test_core.py::test_event_repr PASSED                               [ 25%]
tests/test_core.py::test_event_origin_idx PASSED                         [ 26%]
tests/test_core.py::test_event_as_dict PASSED                            [ 27%]
tests/test_core.py::test_state_as_dict PASSED                            [ 27%]
tests/test_core.py::test_state_as_dict_json PASSED                       [ 28%]
tests/test_core.py::test_state_json_fragment PASSED                      [ 29%]
tests/test_core.py::test_state_as_compressed_state PASSED                [ 29%]
tests/test_core.py::test_state_as_compressed_state_unique_last_updated PASSED [ 30%]
tests/test_core.py::test_state_as_compressed_state_json PASSED           [ 30%]
tests/test_core.py::test_eventbus_add_remove_listener PASSED             [ 31%]
tests/test_core.py::test_eventbus_filtered_listener PASSED               [ 32%]
tests/test_core.py::test_eventbus_run_immediately_callback PASSED        [ 32%]
tests/test_core.py::test_eventbus_run_immediately_coro PASSED            [ 33%]
tests/test_core.py::test_eventbus_listen_once_run_immediately_coro PASSED [ 33%]
tests/test_core.py::test_eventbus_unsubscribe_listener PASSED            [ 34%]
tests/test_core.py::test_eventbus_listen_once_event_with_callback PASSED [ 35%]
tests/test_core.py::test_eventbus_listen_once_event_with_coroutine PASSED [ 35%]
tests/test_core.py::test_eventbus_listen_once_event_with_thread PASSED   [ 36%]
tests/test_core.py::test_eventbus_thread_event_listener PASSED           [ 37%]
tests/test_core.py::test_eventbus_callback_event_listener PASSED         [ 37%]
tests/test_core.py::test_eventbus_coroutine_event_listener PASSED        [ 38%]
tests/test_core.py::test_eventbus_max_length_exceeded PASSED             [ 38%]
tests/test_core.py::test_state_init PASSED                               [ 39%]
tests/test_core.py::test_state_domain PASSED                             [ 40%]
tests/test_core.py::test_state_object_id PASSED                          [ 40%]
tests/test_core.py::test_state_name_if_no_friendly_name_attr PASSED      [ 41%]
tests/test_core.py::test_state_name_if_friendly_name_attr PASSED         [ 41%]
tests/test_core.py::test_state_dict_conversion PASSED                    [ 42%]
tests/test_core.py::test_state_dict_conversion_with_wrong_data PASSED    [ 43%]
tests/test_core.py::test_state_repr PASSED                               [ 43%]
tests/test_core.py::test_statemachine_async_set_invalid_state PASSED     [ 44%]
tests/test_core.py::test_statemachine_async_set_internal_invalid_state PASSED [ 45%]
tests/test_core.py::test_statemachine_is_state PASSED                    [ 45%]
tests/test_core.py::test_statemachine_entity_ids PASSED                  [ 46%]
tests/test_core.py::test_statemachine_remove PASSED                      [ 46%]
tests/test_core.py::test_state_machine_case_insensitivity PASSED         [ 47%]
tests/test_core.py::test_statemachine_last_changed_not_updated_on_same_state PASSED [ 48%]
tests/test_core.py::test_statemachine_force_update PASSED                [ 48%]
tests/test_core.py::test_statemachine_avoids_updating_attributes PASSED  [ 49%]
tests/test_core.py::test_service_call_repr PASSED                        [ 50%]
tests/test_core.py::test_service_registry_has_service PASSED             [ 50%]
tests/test_core.py::test_service_registry_service_enumeration PASSED     [ 51%]
tests/test_core.py::test_serviceregistry_call_with_blocking_done_in_time PASSED [ 51%]
tests/test_core.py::test_serviceregistry_call_non_existing_with_blocking PASSED [ 52%]
tests/test_core.py::test_serviceregistry_async_service PASSED            [ 53%]
tests/test_core.py::test_serviceregistry_async_service_partial PASSED    [ 53%]
tests/test_core.py::test_serviceregistry_callback_service PASSED         [ 54%]
tests/test_core.py::test_serviceregistry_remove_service PASSED           [ 54%]
tests/test_core.py::test_serviceregistry_service_that_not_exists PASSED  [ 55%]
tests/test_core.py::test_serviceregistry_async_service_raise_exception PASSED [ 56%]
tests/test_core.py::test_serviceregistry_callback_service_raise_exception PASSED [ 56%]
tests/test_core.py::test_serviceregistry_async_return_response[only] PASSED [ 57%]
tests/test_core.py::test_serviceregistry_async_return_response[optional] PASSED [ 58%]
tests/test_core.py::test_services_call_return_response_requires_blocking PASSED [ 58%]
tests/test_core.py::test_serviceregistry_return_response_invalid[True-expected a dictionary] PASSED [ 59%]
tests/test_core.py::test_serviceregistry_return_response_invalid[False-expected a dictionary] PASSED [ 59%]
tests/test_core.py::test_serviceregistry_return_response_invalid[None-expected a dictionary] PASSED [ 60%]
tests/test_core.py::test_serviceregistry_return_response_invalid[some-value-expected a dictionary] PASSED [ 61%]
tests/test_core.py::test_serviceregistry_return_response_invalid[response_data4-expected a dictionary] PASSED [ 61%]
tests/test_core.py::test_serviceregistry_return_response_arguments[none-True-does not return responses] PASSED [ 62%]
tests/test_core.py::test_serviceregistry_return_response_arguments[only-False-action requires responses] PASSED [ 62%]
tests/test_core.py::test_serviceregistry_return_response_optional[True-expected_response_data0] PASSED [ 63%]
tests/test_core.py::test_serviceregistry_return_response_optional[False-None] PASSED [ 64%]
tests/test_core.py::test_start_taking_too_long PASSED                    [ 64%]
tests/test_core.py::test_service_executed_with_subservices PASSED        [ 65%]
tests/test_core.py::test_service_call_event_contains_original_data PASSED [ 66%]
tests/test_core.py::test_context PASSED                                  [ 66%]
tests/test_core.py::test_context_json_fragment PASSED                    [ 67%]
tests/test_core.py::test_async_functions_with_callback PASSED            [ 67%]
tests/test_core.py::test_async_run_job_starts_tasks_eagerly PASSED       [ 68%]
tests/test_core.py::test_async_run_job_starts_coro_eagerly PASSED        [ 69%]
tests/test_core.py::test_valid_entity_id PASSED                          [ 69%]
tests/test_core.py::test_valid_domain PASSED                             [ 70%]
tests/test_core.py::test_start_events PASSED                             [ 70%]
tests/test_core.py::test_log_blocking_events PASSED                      [ 71%]
tests/test_core.py::test_chained_logging_hits_log_timeout PASSED         [ 72%]
tests/test_core.py::test_chained_logging_misses_log_timeout PASSED       [ 72%]
tests/test_core.py::test_async_all PASSED                                [ 73%]
tests/test_core.py::test_async_entity_ids_count PASSED                   [ 74%]
tests/test_core.py::test_hassjob_forbid_coroutine PASSED                 [ 74%]
tests/test_core.py::test_reserving_states PASSED                         [ 75%]
tests/test_core.py::test_state_change_events_context_id_match_state_time PASSED [ 75%]
tests/test_core.py::test_state_change_events_match_time_with_limits_of_precision PASSED [ 76%]
tests/test_core.py::test_state_timestamps PASSED                         [ 77%]
tests/test_core.py::test_state_firing_event_matches_context_id_ulid_time PASSED [ 77%]
tests/test_core.py::test_event_context PASSED                            [ 78%]
tests/test_core.py::test_state_changed_events_to_not_leak_contexts SKIPPED [ 79%]
tests/test_core.py::test_background_task[True] PASSED                    [ 79%]
tests/test_core.py::test_background_task[False] PASSED                   [ 80%]
tests/test_core.py::test_shutdown_does_not_block_on_normal_tasks PASSED  [ 80%]
tests/test_core.py::test_shutdown_does_not_block_on_shielded_tasks PASSED [ 81%]
tests/test_core.py::test_cancellable_hassjob[True] PASSED                [ 82%]
tests/test_core.py::test_cancellable_hassjob[False] PASSED               [ 82%]
tests/test_core.py::test_validate_state PASSED                           [ 83%]
tests/test_core.py::test_get_release_channel[0.115.0.dev20200815-nightly] PASSED [ 83%]
tests/test_core.py::test_get_release_channel[0.115.0-stable] PASSED      [ 84%]
tests/test_core.py::test_get_release_channel[0.115.0b4-beta] PASSED      [ 85%]
tests/test_core.py::test_get_release_channel[0.115.0dev0-dev] PASSED     [ 85%]
tests/test_core.py::test_is_callback_check_partial PASSED                [ 86%]
tests/test_core.py::test_hassjob_passing_job_type PASSED                 [ 87%]
tests/test_core.py::test_shutdown_job PASSED                             [ 87%]
tests/test_core.py::test_cancel_shutdown_job PASSED                      [ 88%]
tests/test_core.py::test_one_time_listener_repr PASSED                   [ 88%]
tests/test_core.py::test_async_add_import_executor_job PASSED            [ 89%]
tests/test_core.py::test_async_run_job_deprecated PASSED                 [ 90%]
tests/test_core.py::test_async_add_job_deprecated PASSED                 [ 90%]
tests/test_core.py::test_async_add_hass_job_deprecated PASSED            [ 91%]
tests/test_core.py::test_eventbus_lazy_object_creation PASSED            [ 91%]
tests/test_core.py::test_event_filter_sanity_checks PASSED               [ 92%]
tests/test_core.py::test_statemachine_report_state PASSED                [ 93%]
tests/test_core.py::test_report_state_listener_restrictions PASSED       [ 93%]
tests/test_core.py::test_async_listen_with_run_immediately_deprecated[async_listen-True] PASSED [ 94%]
tests/test_core.py::test_async_listen_with_run_immediately_deprecated[async_listen-False] PASSED [ 95%]
tests/test_core.py::test_async_listen_with_run_immediately_deprecated[async_listen_once-True] PASSED [ 95%]
tests/test_core.py::test_async_listen_with_run_immediately_deprecated[async_listen_once-False] PASSED [ 96%]
tests/test_core.py::test_async_fire_thread_safety PASSED                 [ 96%]
tests/test_core.py::test_async_register_thread_safety PASSED             [ 97%]
tests/test_core.py::test_async_remove_thread_safety PASSED               [ 98%]
tests/test_core.py::test_async_create_task_thread_safety PASSED          [ 98%]
tests/test_core.py::test_thread_safety_message PASSED                    [ 99%]
tests/test_core.py::test_async_set_updates_last_reported PASSED          [100%]

======================== 161 passed, 1 skipped in 4.29s ========================
